e:\downloads\plugins\lootwhore\lootwhore\release\fileio.obj
e:\downloads\plugins\lootwhore\lootwhore\release\logic.obj
e:\downloads\plugins\lootwhore\lootwhore\release\main.obj
e:\downloads\plugins\lootwhore\lootwhore\release\packets.obj
e:\downloads\plugins\lootwhore\lootwhore\release\helpers.obj
e:\downloads\plugins\lootwhore\lootwhore\release\vc145.pdb
e:\downloads\plugins\lootwhore\lootwhore\release\commands.obj
e:\downloads\plugins\lootwhore\release\lootwhore.dll
e:\downloads\plugins\lootwhore\release\lootwhore.pdb
e:\downloads\plugins\lootwhore\release\lootwhore.lib
e:\downloads\plugins\lootwhore\release\lootwhore.exp
e:\downloads\plugins\lootwhore\lootwhore\release\lootwhore.ipdb
e:\downloads\plugins\lootwhore\lootwhore\release\lootwhore.iobj
e:\downloads\plugins\lootwhore\lootwhore\release\lootwhore.tlog\cl.command.1.tlog
e:\downloads\plugins\lootwhore\lootwhore\release\lootwhore.tlog\cl.read.1.tlog
e:\downloads\plugins\lootwhore\lootwhore\release\lootwhore.tlog\cl.write.1.tlog
e:\downloads\plugins\lootwhore\lootwhore\release\lootwhore.tlog\link.command.1.tlog
e:\downloads\plugins\lootwhore\lootwhore\release\lootwhore.tlog\link.read.1.tlog
e:\downloads\plugins\lootwhore\lootwhore\release\lootwhore.tlog\link.secondary.1.tlog
e:\downloads\plugins\lootwhore\lootwhore\release\lootwhore.tlog\link.write.1.tlog
